../Core/Src/keyboard_lib.c:66:6:seg_out	40	static
../Core/Src/keyboard_lib.c:73:6:reset_key_pins	16	static
../Core/Src/keyboard_lib.c:79:5:read_key	32	static
../Core/Src/keyboard_lib.c:113:6:seg_off	24	static
../Core/Src/keyboard_lib.c:119:6:out_num_low	16	static
../Core/Src/keyboard_lib.c:123:6:off_low_seg	8	static
../Core/Src/keyboard_lib.c:127:6:out_num_high	16	static
../Core/Src/keyboard_lib.c:131:6:off_high_seg	8	static
../Core/Src/keyboard_lib.c:135:6:out_num_both	16	static
../Core/Src/keyboard_lib.c:140:6:off_seg	8	static
