00:41:12 **** Build of configuration Debug for project stm32f767zi_lab5 ****
make -j8 all 
arm-none-eabi-gcc "../Core/Src/main.c" -mcpu=cortex-m7 -std=gnu11 -g3 -DDEBUG -DUSE_HAL_DRIVER -DSTM32F767xx -c -I../Core/Inc -I../Drivers/STM32F7xx_HAL_Driver/Inc -I../Drivers/STM32F7xx_HAL_Driver/Inc/Legacy -I../Drivers/CMSIS/Device/ST/STM32F7xx/Include -I../Drivers/CMSIS/Include -O0 -ffunction-sections -fdata-sections -Wall -fstack-usage -fcyclomatic-complexity -MMD -MP -MF"Core/Src/main.d" -MT"Core/Src/main.o" --specs=nano.specs -mfpu=fpv5-d16 -mfloat-abi=hard -mthumb -o "Core/Src/main.o"
In file included from ../Core/Src/main.c:24:
../Core/Inc/ADXL.h:198:13: warning: 'adxlBW' declared 'static' but never defined [-Wunused-function]
  198 | static void adxlBW(ADXL_InitTypeDef * adxl);
      |             ^~~~~~
../Core/Inc/ADXL.h:227:13: warning: 'adxlFormat' declared 'static' but never defined [-Wunused-function]
  227 | static void adxlFormat(ADXL_InitTypeDef * adxl);
      |             ^~~~~~~~~~
arm-none-eabi-gcc -o "stm32f767zi_lab5.elf" @"objects.list"   -mcpu=cortex-m7 -T"C:\Users\aordu\STM32CubeIDE\workspace_1.8.0\EMSC\stm32f767zi_lab5\STM32F767ZITX_FLASH.ld" --specs=nosys.specs -Wl,-Map="stm32f767zi_lab5.map" -Wl,--gc-sections -static --specs=nano.specs -mfpu=fpv5-d16 -mfloat-abi=hard -mthumb -Wl,--start-group -lc -lm -Wl,--end-group
Finished building target: stm32f767zi_lab5.elf
 
arm-none-eabi-size  stm32f767zi_lab5.elf 
arm-none-eabi-objdump -h -S stm32f767zi_lab5.elf  > "stm32f767zi_lab5.list"
   text	   data	    bss	    dec	    hex	filename
  11516	     12	   1700	  13228	   33ac	stm32f767zi_lab5.elf
Finished building: default.size.stdout
 
Finished building: stm32f767zi_lab5.list
 

00:41:14 Build Finished. 0 errors, 2 warnings. (took 1s.234ms)

