22:17:11 **** Incremental Build of configuration Debug for project test_0 ****
make -j8 all 
arm-none-eabi-gcc "../Core/Src/main.c" -mcpu=cortex-m4 -std=gnu11 -g3 -DDEBUG -DUSE_HAL_DRIVER -DSTM32G431xx -c -I../Core/Inc -I../Drivers/STM32G4xx_HAL_Driver/Inc -I../Drivers/STM32G4xx_HAL_Driver/Inc/Legacy -I../Drivers/CMSIS/Device/ST/STM32G4xx/Include -I../Drivers/CMSIS/Include -O0 -ffunction-sections -fdata-sections -Wall -fstack-usage -fcyclomatic-complexity -MMD -MP -MF"Core/Src/main.d" -MT"Core/Src/main.o" --specs=nano.specs -mfpu=fpv4-sp-d16 -mfloat-abi=hard -mthumb -o "Core/Src/main.o"
arm-none-eabi-gcc -o "test_0.elf" @"objects.list"   -mcpu=cortex-m4 -T"C:\Users\aordu\STM32CubeIDE\workspace_1.8.0\EMSC\test_0\STM32G431CBUX_FLASH.ld" --specs=nosys.specs -Wl,-Map="test_0.map" -Wl,--gc-sections -static --specs=nano.specs -mfpu=fpv4-sp-d16 -mfloat-abi=hard -mthumb -Wl,--start-group -lc -lm -Wl,--end-group
Finished building target: test_0.elf
 
arm-none-eabi-size  test_0.elf 
arm-none-eabi-objdump -h -S test_0.elf  > "test_0.list"
   text	   data	    bss	    dec	    hex	filename
   5868	     12	   1572	   7452	   1d1c	test_0.elf
Finished building: default.size.stdout
 
Finished building: test_0.list
 

22:17:11 Build Finished. 0 errors, 0 warnings. (took 809ms)

